
[1m[46m RUN [49m[22m [36mv4.0.14 [39m[90mC:/AI-Prototyping-Lab---Healthcare-Stream---Derma/frontend[39m

[90mstdout[2m | src/__tests__/PatientCaseRating.test.jsx[2m > [22m[2mPatientCasePage ratings[2m > [22m[2mshows rating form when case is reviewed and unrated
[22m[39m[PatientCasePage] Fetching report...

[90mstdout[2m | src/__tests__/PatientCaseRating.test.jsx[2m > [22m[2mPatientCasePage ratings[2m > [22m[2mshows rating form when case is reviewed and unrated
[22m[39m[PatientCasePage] Report data: {
  report_id: [33m10[39m,
  image_id: [33m123[39m,
  review_status: [32m'reviewed'[39m,
  doctor_active: [33mfalse[39m,
  condition: [32m'Test'[39m,
  severity: [32m'Low'[39m,
  confidence: [33m80[39m,
  recommendation: [32m'Keep skin clean.'[39m,
  created_at: [32m'2026-01-13T23:35:39.200Z'[39m,
  patient_rating: [1mnull[22m,
  patient_feedback: [1mnull[22m
}

[90mstdout[2m | src/__tests__/PatientCaseRating.test.jsx[2m > [22m[2mPatientCasePage ratings[2m > [22m[2mshows rating form when case is reviewed and unrated
[22m[39m[WS] Missing reportId or token, not connecting

[90mstdout[2m | src/__tests__/PatientCaseRating.test.jsx[2m > [22m[2mPatientCasePage ratings[2m > [22m[2msubmits rating and feedback
[22m[39m[PatientCasePage] Fetching report...

[90mstdout[2m | src/__tests__/PatientCaseRating.test.jsx[2m > [22m[2mPatientCasePage ratings[2m > [22m[2msubmits rating and feedback
[22m[39m[PatientCasePage] Report data: {
  report_id: [33m10[39m,
  image_id: [33m123[39m,
  review_status: [32m'reviewed'[39m,
  doctor_active: [33mfalse[39m,
  condition: [32m'Test'[39m,
  severity: [32m'Low'[39m,
  confidence: [33m80[39m,
  recommendation: [32m'Keep skin clean.'[39m,
  created_at: [32m'2026-01-13T23:35:39.200Z'[39m,
  patient_rating: [1mnull[22m,
  patient_feedback: [1mnull[22m
}

[90mstdout[2m | src/__tests__/PatientCaseRating.test.jsx[2m > [22m[2mPatientCasePage ratings[2m > [22m[2msubmits rating and feedback
[22m[39m[WS] Missing reportId or token, not connecting

 [31mÔØ»[39m src/__tests__/PatientCaseRating.test.jsx [2m([22m[2m2 tests[22m[2m | [22m[31m1 failed[39m[2m)[22m[33m 1169[2mms[22m[39m
     [32mÔ£ô[39m shows rating form when case is reviewed and unrated[32m 113[2mms[22m[39m
[31m     [31m├ù[31m submits rating and feedback[39m[33m 1055[2mms[22m[39m
node.exe : 
At C:\Program Files\nodejs\npx.ps1:29 char:3
+   & $NODE_EXE $NPX_CLI_JS $args
+   ~~~~~~~~~~~~~~~~~~~~~~~~~~~~~
    + CategoryInfo          : NotSpecified: ( 
   :String) [], RemoteException
    + FullyQualifiedErrorId : NativeCommandEr 
   ror
 
[31mÔÄ»ÔÄ»ÔÄ»ÔÄ»ÔÄ»ÔÄ»ÔÄ»[39m[1m[41m 
Failed Tests 1 
[49m[22m[31mÔÄ»ÔÄ»ÔÄ»ÔÄ»ÔÄ»ÔÄ»ÔÄ»[39m

[41m[1m FAIL [22m[49m 
src/__tests__/PatientCaseRating.test.jsx[2m 
> [22mPatientCasePage ratings[2m > 
[22msubmits rating and feedback
[31m[1mTestingLibraryElementError[22m[39m:
 Unable to find an element with the text: 
Submitted. This could be because the text is 
broken up by multiple elements. In this case, 
you can provide a function for your text 
matcher to make your matcher more flexible.

Ignored nodes: comments, script, style
[36m<body>[39m
  [36m<div>[39m
    [36m<div[39m
      [33mclass[39m=[32m"min-h-screen 
bg-gradient-to-b from-slate-50 to-white 
text-slate-900"[39m
    [36m>[39m
      [36m<header[39m
        [33mclass[39m=[32m"sticky top-0 
z-20 border-b border-slate-200 bg-white/80 
backdrop-blur"[39m
      [36m>[39m
        [36m<div[39m
          [33mclass[39m=[32m"mx-auto flex 
max-w-6xl items-center justify-between px-4 
py-4 sm:px-6 lg:px-8"[39m
        [36m>[39m
          [36m<div[39m
            [33mclass[39m=[32m"flex 
items-center gap-3"[39m
          [36m>[39m
            [36m<a[39m
              [33mclass[39m=[32m"text-xl 
font-bold text-slate-900"[39m
              
[33mdata-discover[39m=[32m"true"[39m
              
[33mhref[39m=[32m"/patient-dashboard"[39m
            [36m>[39m
              [0mSkinScope[0m
            [36m</a>[39m
            [36m<span[39m
              
[33mclass[39m=[32m"rounded-full bg-blue-50 
px-3 py-1 text-xs font-semibold uppercase 
tracking-wide text-blue-700"[39m
            [36m>[39m
              [0mTeledermatology[0m
            [36m</span>[39m
          [36m</div>[39m
          [36m<div[39m
            [33mclass[39m=[32m"flex 
items-center gap-3 text-sm 
text-slate-600"[39m
          [36m>[39m
            [36m<div[39m
              [33mclass[39m=[32m"hidden 
text-xs uppercase tracking-wide 
text-slate-400 sm:block"[39m
            [36m>[39m
              [0mLogged in as[0m
            [36m</div>[39m
            [36m<div[39m
              
[33mclass[39m=[32m"inline-flex 
items-center gap-2 rounded-full bg-slate-900 
px-3 py-1 text-xs font-semibold text-white 
shadow-sm"[39m
            [36m>[39m
              [36m<span[39m
                
[33mclass[39m=[32m"inline-block h-2 w-2 
rounded-full bg-emerald-400"[39m
              [36m/>[39m
              [0mPatient[0m
            [36m</div>[39m
            [36m<button[39m
              [33mclass[39m=[32m"ml-4 
text-slate-500 hover:text-slate-800 
transition"[39m
            [36m>[39m
              [0mLogout[0m
            [36m</button>[39m
          [36m</div>[39m
        [36m</div>[39m
      [36m</header>[39m
      [36m<main[39m
        [33mclass[39m=[32m"mx-auto 
max-w-6xl px-4 py-8 sm:px-6 lg:px-8"[39m
      [36m>[39m
        [36m<div[39m
          
[33mclass[39m=[32m"space-y-6"[39m
        [36m>[39m
          [36m<div[39m
            [33mclass[39m=[32m"flex 
flex-col sm:flex-row justify-between 
items-start sm:items-center gap-4"[39m
          [36m>[39m
            [36m<div>[39m
              [36m<a[39m
                
[33mclass[39m=[32m"text-indigo-600 
font-semibold text-sm hover:underline mb-2 
inline-block"[39m
                
[33mdata-discover[39m=[32m"true"[39m
                
[33mhref[39m=[32m"/patient-history"[39m
              [36m>[39m
                [0mÔåÉ Back to History[0m
              [36m</a>[39m
              [36m<h1[39m
                
[33mclass[39m=[32m"text-2xl font-bold 
text-slate-900"[39m
              [36m>[39m
                [0mYour Case[0m
              [36m</h1>[39m
              [36m<p[39m
                
[33mclass[39m=[32m"text-slate-500 
text-sm"[39m
              [36m>[39m
                [0mCondition: [0m
                [36m<span[39m
                  
[33mclass[39m=[32m"font-medium 
text-slate-800"[39m
                [36m>[39m
                  [0mTest[0m
                [36m</span>[39m
              [36m</p>[39m
            [36m</div>[39m
            [36m<div[39m
              [33mclass[39m=[32m"flex 
items-center gap-3"[39m
            [36m>[39m
              [36m<span[39m
                
[33mclass[39m=[32m"bg-green-100 
text-green-700 px-4 py-2 rounded-xl text-sm 
font-black uppercase"[39m
              [36m>[39m
                [0mÔ£à Review Complete[0m
              [36m</span>[39m
            [36m</div>[39m
          [36m</div>[39m
          [36m<div[39m
            [33maria-label[39m=[32m"AI 
disclaimer"[39m
            [33mclass[39m=[32m"flex gap-3 
rounded-lg border border-amber-200 
bg-amber-50 px-4 py-3 text-amber-900 
shadow-sm "[39m
            [33mrole[39m=[32m"note"[39m
          [36m>[39m
            [36m<div[39m
              [33mclass[39m=[32m"mt-0.5 
flex h-8 w-8 items-center justify-center 
rounded-full bg-amber-100 text-sm 
font-semibold text-amber-700"[39m
            [36m>[39m
              [0m![0m
            [36m</div>[39m
            [36m<div[39m
              [33mclass[39m=[32m"space-y-1 
text-sm leading-relaxed"[39m
            [36m>[39m
              [36m<p[39m
                
[33mclass[39m=[32m"font-semibold 
text-amber-800"[39m
              [36m>[39m
                [0mImportant[0m
              [36m</p>[39m
              [36m<p>[39m
                [0mThis AI-generated report 
is not a medical diagnosis. Always consult a 
qualified healthcare professional.[0m
              [36m</p>[39m
            [36m</div>[39m
          [36m</div>[39m
          [36m<div[39m
            [33mclass[39m=[32m"rounded-xl 
border border-slate-200 bg-white/90 shadow-sm 
backdrop-blur-sm p-5 grid grid-cols-2 
md:grid-cols-4 gap-4"[39m
          [36m>[39m
            [36m<div>[39m
              [36m<p[39m
                
[33mclass[39m=[32m"text-[10px] font-bold 
text-slate-400 uppercase mb-1"[39m
              [36m>[39m
                [0mSeverity[0m
              [36m</p>[39m
              [36m<p[39m
                [33mclass[39m=[32m"text-sm 
font-black text-slate-700"[39m
              [36m>[39m
                [0mLow[0m
              [36m</p>[39m
            [36m</div>[39m
            [36m<div>[39m
              [36m<p[39m
                
[33mclass[39m=[32m"text-[10px] font-bold 
text-slate-400 uppercase mb-1"[39m
              [36m>[39m
                [0mConfidence[0m
              [36m</p>[39m
              [36m<p[39m
                [33mclass[39m=[32m"text-sm 
font-black text-slate-700"[39m
              [36m>[39m
                [0m80%[0m
              [36m</p>[39m
            [36m</div>[39m
            [36m<div>[39m
              [36m<p[39m
                
[33mclass[39m=[32m"text-[10px] font-bold 
text-slate-400 uppercase mb-1"[39m
              [36m>[39m
                [0mStatus[0m
              [36m</p>[39m
              [36m<p[39m
                [33mclass[39m=[32m"text-sm 
font-black uppercase text-green-600"[39m
              [36m>[39m
                [0mreviewed[0m
              [36m</p>[39m
            [36m</div>[39m
            [36m<div>[39m
              [36m<p[39m
                
[33mclass[39m=[32m"text-[10px] font-bold 
text-slate-400 uppercase mb-1"[39m
              [36m>[39m
                [0mCreated[0m
              [36m</p>[39m
              [36m<p[39m
                [33mclass[39m=[32m"text-sm 
font-medium text-slate-700"[39m
              [36m>[39m
                [0m14/01/2026, 10:35:39 
am[0m
              [36m</p>[39m
            [36m</div>[39m
          [36m</div>[39m
          [36m<div[39m
            
[33mclass[39m=[32m"bg-blue-50/50 p-4 
rounded-xl border border-blue-100"[39m
          [36m>[39m
            [36m<p[39m
              
[33mclass[39m=[32m"text-[10px] font-bold 
text-blue-400 uppercase mb-1"[39m
            [36m>[39m
              [0mAI Recommendation[0m
            [36m</p>[39m
            [36m<p[39m
              [33mclass[39m=[32m"text-sm 
font-medium text-blue-900 leading-relaxed 
italic"[39m
            [36m>[39m
              [0m"[0m
              [0mKeep skin clean.[0m
              [0m"[0m
            [36m</p>[39m
          [36m</div>[39m
          [36m<div>[39m
            [36m<h2[39m
              [33mclass[39m=[32m"text-lg 
font-bold text-slate-800 mb-4"[39m
            [36m>[39m
              [0m­ƒÆ¼ Conversation[0m
            [36m</h2>[39m
            [36m<div[39m
              [33mclass[39m=[32m"flex 
flex-col h-[500px] border border-slate-200 
rounded-xl bg-white overflow-hidden 
shadow-xl"[39m
            [36m>[39m
              [36m<div[39m
                
[33mclass[39m=[32m"bg-slate-900 px-5 py-3 
flex justify-between items-center 
flex-shrink-0"[39m
              [36m>[39m
                [36m<div[39m
                  [33mclass[39m=[32m"flex 
items-center gap-3"[39m
                [36m>[39m
                  [36m<div[39m
                    
[33mclass[39m=[32m"h-2.5 w-2.5 
rounded-full bg-yellow-400 animate-pulse"[39m
                  [36m/>[39m
                  [36m<span[39m
                    
[33mclass[39m=[32m"text-sm font-bold 
tracking-tight text-white"[39m
                  [36m>[39m
                    [0mƒñû AI DERMATOLOGY 
ASSISTANT[0m
                  [36m</span>[39m
                [36m</div>[39m
                [36m<div[39m
                  [33mclass[39m=[32m"flex 
items-center gap-2"[39m
                [36m>[39m
                  [36m<span[39m
                    
[33mclass[39m=[32m"text-[10px] font-black 
bg-yellow-500 text-white px-2 py-0.5 rounded 
uppercase tracking-widest"[39m
                  [36m>[39m
                    [0mCONNECTING...[0m
                  [36m</span>[39m
                [36m</div>[39m
              [36m</div>[39m
              [36m<div[39m
                [33mclass[39m=[32m"flex-1 
overflow-y-auto p-6 space-y-4 
bg-slate-50/50"[39m
              [36m>[39m
                [36m<div[39m
                  
[33mclass[39m=[32m"h-full flex flex-col 
items-center justify-center text-slate-400 
space-y-2 opacity-50"[39m
                [36m>[39m
                  [36m<p>[39m
                    [0mConnecting to 
chat...[0m
                  [36m</p>[39m
                [36m</div>[39m
                [36m<div[39m
                  [33mclass[39m=[32m"flex 
justify-center my-4"[39m
                [36m>[39m
                  [36m<div[39m
                    
[33mclass[39m=[32m"bg-gradient-to-br 
from-amber-50 to-orange-50 border 
border-amber-200 rounded-2xl px-6 py-5 
max-w-[95%] shadow-lg w-full"[39m
                  [36m>[39m
                    [36m<div[39m
                      
[33mclass[39m=[32m"flex items-center gap-2 
justify-center mb-3"[39m
                    [36m>[39m
                      [36m<span[39m
                        
[33mclass[39m=[32m"text-2xl"[39m
                      [36m>[39m
                        [0mÔ¡É[0m
                      [36m</span>[39m
                      [36m<h3[39m
                        
[33mclass[39m=[32m"text-lg font-bold 
text-amber-800"[39m
                      [36m>[39m
                        [0mRate Your 
Experience[0m
                      [36m</h3>[39m
                    [36m</div>[39m
                    [36m<p[39m
                      
[33mclass[39m=[32m"text-sm text-amber-700 
text-center mb-4"[39m
                    [36m>[39m
                      [0mHow was your 
consultation with [0m
                      [0myour physician[0m
                      [0m?[0m
                    [36m</p>[39m
                    [36m<div[39m
                      
[33mclass[39m=[32m"space-y-3 
text-center"[39m
                    [36m>[39m
                      [36m<div[39m
                        
[33mclass[39m=[32m"flex items-center 
justify-center gap-1 text-amber-500 
text-2xl"[39m
                      [36m>[39m
                        [36m<span>[39m
                          [0mÔÿà[0m
                        [36m</span>[39m
                        [36m<span>[39m
                          [0mÔÿà[0m
                        [36m</span>[39m
                        [36m<span>[39m
                          [0mÔÿà[0m
                        [36m</span>[39m
                        [36m<span>[39m
                          [0mÔÿà[0m
                        [36m</span>[39m
                        [36m<span>[39m
                          [0mÔÿå[0m
                        [36m</span>[39m
                      [36m</div>[39m
                      [36m<p[39m
                        
[33mclass[39m=[32m"text-sm text-amber-800 
italic"[39m
                        [33mdata-testid[39m=
[32m"feedback-display"[39m
                      [36m>[39m
                        [0m"[0m
                        [0mHelpful 
review.[0m
                        [0m"[0m
                      [36m</p>[39m
                      [36m<div[39m
                        
[33mclass[39m=[32m"flex items-center 
justify-center gap-2"[39m
                      [36m>[39m
                        [36m<span[39m
                          
[33mclass[39m=[32m"text-xs font-semibold 
text-green-700 bg-green-100 border 
border-green-200 px-3 py-1 rounded-full"[39m
                        [36m>[39m
                          [0mÔ£ô 
Submitted[0m
                        [36m</span>[39m
                      [36m</div>[39m
                      [36m<p[39m
                        
[33mclass[39m=[32m"text-sm text-green-600 
font-medium"[39m
                      [36m>[39m
                        [0mThanks for your 
feedback! Your rating has been saved.[0m
                      [36m</p>[39m
                    [36m</div>[39m
                  [36m</div>[39m
                [36m</div>[39m
                [36m<div />[39m
              [36m</div>[39m
              [36m<div[39m
                [33mclass[39m=[32m"p-4 
bg-white border-t border-slate-100 
flex-shrink-0"[39m
              [36m>[39m
                [36m<form[39m
                  
[33mclass[39m=[32m"relative"[39m
                [36m>[39m
                  [36m<input[39m
                    
[33mclass[39m=[32m"w-full bg-slate-100 
rounded-2xl border-none pl-5 pr-14 py-4 
text-sm focus:ring-2 focus:ring-slate-900 
transition-all placeholder:text-slate-400 
font-medium disabled:opacity-50"[39m
                    
[33mdisabled[39m=[32m""[39m
                    [33mplaceholder[39m=[32
m"Connecting..."[39m
                    
[33mtype[39m=[32m"text"[39m
                    
[33mvalue[39m=[32m""[39m
                  [36m/>[39m
                  [36m<button[39m
                    
[33maria-label[39m=[32m"Send message"[39m
                    
[33mclass[39m=[32m"absolute right-2 top-2 
h-10 w-10 bg-slate-900 text-white rounded-xl 
hover:bg-slate-800 disabled:opacity-20 
transition-all flex items-center 
justify-center shadow-lg"[39m
                    
[33mdisabled[39m=[32m""[39m
                    
[33mtype[39m=[32m"submit"[39m
                  [36m>[39m
                    [36m<svg[39m
                      
[33mfill[39m=[32m"none"[39m
                      
[33mheight[39m=[32m"20"[39m
                      
[33mstroke[39m=[32m"currentColor"[39m
                      
[33mstroke-linecap[39m=[32m"round"[39m
                      
[33mstroke-linejoin[39m=[32m"round"[39m
                      
[33mstroke-width[39m=[32m"2.5"[39m
                      
[33mviewBox[39m=[32m"0 0 24 24"[39m
                      
[33mwidth[39m=[32m"20"[39m
                    [36m>[39m
                      [36m<line[39m
                        
[33mx1[39m=[32m"22"[39m
                        
[33mx2[39m=[32m"11"[39m
                        
[33my1[39m=[32m"2"[39m
                        
[33my2[39m=[32m"13"[39m
                      [36m/>[39m
                      [36m<polygon[39m
                        
[33mpoints[39m=[32m"22 2 15 22 11 13 2 9 
22 2"[39m
                      [36m/>[39m
                    [36m</svg>[39m
                  [36m</button>[39m
                [36m</form>[39m
                [36m<div[39m
                  [33mclass[39m=[32m"flex 
items-center justify-center gap-2 mt-2"[39m
                [36m>[39m
                  [36m<span[39m
                    [33mclass[39m=[32m"w-2 
h-2 bg-green-500 rounded-full 
animate-pulse"[39m
                  [36m/>[39m
                  [36m<p[39m
                    
[33mclass[39m=[32m"text-[10px] 
text-green-600 font-bold uppercase 
tracking-tighter"[39m
                  [36m>[39m
                    [0mAI assistant is ready 
to help[0m
                  [36m</p>[39m
                [36m</div>[39m
              [36m</div>[39m
            [36m</div>[39m
          [36m</div>[39m
        [36m</div>[39m
      [36m</main>[39m
    [36m</div>[39m
  [36m</div>[39m
[36m</body>[39m

Ignored nodes: comments, script, style
[36m<body>[39m
  [36m<div>[39m
    [36m<div[39m
      [33mclass[39m=[32m"min-h-screen 
bg-gradient-to-b from-slate-50 to-white 
text-slate-900"[39m
    [36m>[39m
      [36m<header[39m
        [33mclass[39m=[32m"sticky top-0 
z-20 border-b border-slate-200 bg-white/80 
backdrop-blur"[39m
      [36m>[39m
        [36m<div[39m
          [33mclass[39m=[32m"mx-auto flex 
max-w-6xl items-center justify-between px-4 
py-4 sm:px-6 lg:px-8"[39m
        [36m>[39m
          [36m<div[39m
            [33mclass[39m=[32m"flex 
items-center gap-3"[39m
          [36m>[39m
            [36m<a[39m
              [33mclass[39m=[32m"text-xl 
font-bold text-slate-900"[39m
              
[33mdata-discover[39m=[32m"true"[39m
              
[33mhref[39m=[32m"/patient-dashboard"[39m
            [36m>[39m
              [0mSkinScope[0m
            [36m</a>[39m
            [36m<span[39m
              
[33mclass[39m=[32m"rounded-full bg-blue-50 
px-3 py-1 text-xs font-semibold uppercase 
tracking-wide text-blue-700"[39m
            [36m>[39m
              [0mTeledermatology[0m
            [36m</span>[39m
          [36m</div>[39m
          [36m<div[39m
            [33mclass[39m=[32m"flex 
items-center gap-3 text-sm 
text-slate-600"[39m
          [36m>[39m
            [36m<div[39m
              [33mclass[39m=[32m"hidden 
text-xs uppercase tracking-wide 
text-slate-400 sm:block"[39m
            [36m>[39m
              [0mLogged in as[0m
            [36m</div>[39m
            [36m<div[39m
              
[33mclass[39m=[32m"inline-flex 
items-center gap-2 rounded-full bg-slate-900 
px-3 py-1 text-xs font-semibold text-white 
shadow-sm"[39m
            [36m>[39m
              [36m<span[39m
                
[33mclass[39m=[32m"inline-block h-2 w-2 
rounded-full bg-emerald-400"[39m
              [36m/>[39m
              [0mPatient[0m
            [36m</div>[39m
            [36m<button[39m
              [33mclass[39m=[32m"ml-4 
text-slate-500 hover:text-slate-800 
transition"[39m
            [36m>[39m
              [0mLogout[0m
            [36m</button>[39m
          [36m</div>[39m
        [36m</div>[39m
      [36m</header>[39m
      [36m<main[39m
        [33mclass[39m=[32m"mx-auto 
max-w-6xl px-4 py-8 sm:px-6 lg:px-8"[39m
      [36m>[39m
        [36m<div[39m
          
[33mclass[39m=[32m"space-y-6"[39m
        [36m>[39m
          [36m<div[39m
            [33mclass[39m=[32m"flex 
flex-col sm:flex-row justify-between 
items-start sm:items-center gap-4"[39m
          [36m>[39m
            [36m<div>[39m
              [36m<a[39m
                
[33mclass[39m=[32m"text-indigo-600 
font-semibold text-sm hover:underline mb-2 
inline-block"[39m
                
[33mdata-discover[39m=[32m"true"[39m
                
[33mhref[39m=[32m"/patient-history"[39m
              [36m>[39m
                [0mÔåÉ Back to History[0m
              [36m</a>[39m
              [36m<h1[39m
                
[33mclass[39m=[32m"text-2xl font-bold 
text-slate-900"[39m
              [36m>[39m
                [0mYour Case[0m
              [36m</h1>[39m
              [36m<p[39m
                
[33mclass[39m=[32m"text-slate-500 
text-sm"[39m
              [36m>[39m
                [0mCondition: [0m
                [36m<span[39m
                  
[33mclass[39m=[32m"font-medium 
text-slate-800"[39m
                [36m>[39m
                  [0mTest[0m
                [36m</span>[39m
              [36m</p>[39m
            [36m</div>[39m
            [36m<div[39m
              [33mclass[39m=[32m"flex 
items-center gap-3"[39m
            [36m>[39m
              [36m<span[39m
                
[33mclass[39m=[32m"bg-green-100 
text-green-700 px-4 py-2 rounded-xl text-sm 
font-black uppercase"[39m
              [36m>[39m
                [0mÔ£à Review Complete[0m
              [36m</span>[39m
            [36m</div>[39m
          [36m</div>[39m
          [36m<div[39m
            [33maria-label[39m=[32m"AI 
disclaimer"[39m
            [33mclass[39m=[32m"flex gap-3 
rounded-lg border border-amber-200 
bg-amber-50 px-4 py-3 text-amber-900 
shadow-sm "[39m
            [33mrole[39m=[32m"note"[39m
          [36m>[39m
            [36m<div[39m
              [33mclass[39m=[32m"mt-0.5 
flex h-8 w-8 items-center justify-center 
rounded-full bg-amber-100 text-sm 
font-semibold text-amber-700"[39m
            [36m>[39m
              [0m![0m
            [36m</div>[39m
            [36m<div[39m
              [33mclass[39m=[32m"space-y-1 
text-sm leading-relaxed"[39m
            [36m>[39m
              [36m<p[39m
                
[33mclass[39m=[32m"font-semibold 
text-amber-800"[39m
              [36m>[39m
                [0mImportant[0m
              [36m</p>[39m
              [36m<p>[39m
                [0mThis AI-generated report 
is not a medical diagnosis. Always consult a 
qualified healthcare professional.[0m
              [36m</p>[39m
            [36m</div>[39m
          [36m</div>[39m
          [36m<div[39m
            [33mclass[39m=[32m"rounded-xl 
border border-slate-200 bg-white/90 shadow-sm 
backdrop-blur-sm p-5 grid grid-cols-2 
md:grid-cols-4 gap-4"[39m
          [36m>[39m
            [36m<div>[39m
              [36m<p[39m
                
[33mclass[39m=[32m"text-[10px] font-bold 
text-slate-400 uppercase mb-1"[39m
              [36m>[39m
                [0mSeverity[0m
              [36m</p>[39m
              [36m<p[39m
                [33mclass[39m=[32m"text-sm 
font-black text-slate-700"[39m
              [36m>[39m
                [0mLow[0m
              [36m</p>[39m
            [36m</div>[39m
            [36m<div>[39m
              [36m<p[39m
                
[33mclass[39m=[32m"text-[10px] font-bold 
text-slate-400 uppercase mb-1"[39m
              [36m>[39m
                [0mConfidence[0m
              [36m</p>[39m
              [36m<p[39m
                [33mclass[39m=[32m"text-sm 
font-black text-slate-700"[39m
              [36m>[39m
                [0m80%[0m
              [36m</p>[39m
            [36m</div>[39m
            [36m<div>[39m
              [36m<p[39m
                
[33mclass[39m=[32m"text-[10px] font-bold 
text-slate-400 uppercase mb-1"[39m
              [36m>[39m
                [0mStatus[0m
              [36m</p>[39m
              [36m<p[39m
                [33mclass[39m=[32m"text-sm 
font-black uppercase text-green-600"[39m
              [36m>[39m
                [0mreviewed[0m
              [36m</p>[39m
            [36m</div>[39m
            [36m<div>[39m
              [36m<p[39m
                
[33mclass[39m=[32m"text-[10px] font-bold 
text-slate-400 uppercase mb-1"[39m
              [36m>[39m
                [0mCreated[0m
              [36m</p>[39m
              [36m<p[39m
                [33mclass[39m=[32m"text-sm 
font-medium text-slate-700"[39m
              [36m>[39m
                [0m14/01/2026, 10:35:39 
am[0m
              [36m</p>[39m
            [36m</div>[39m
          [36m</div>[39m
          [36m<div[39m
            
[33mclass[39m=[32m"bg-blue-50/50 p-4 
rounded-xl border border-blue-100"[39m
          [36m>[39m
            [36m<p[39m
              
[33mclass[39m=[32m"text-[10px] font-bold 
text-blue-400 uppercase mb-1"[39m
            [36m>[39m
              [0mAI Recommendation[0m
            [36m</p>[39m
            [36m<p[39m
              [33mclass[39m=[32m"text-sm 
font-medium text-blue-900 leading-relaxed 
italic"[39m
            [36m>[39m
              [0m"[0m
              [0mKeep skin clean.[0m
              [0m"[0m
            [36m</p>[39m
          [36m</div>[39m
          [36m<div>[39m
            [36m<h2[39m
              [33mclass[39m=[32m"text-lg 
font-bold text-slate-800 mb-4"[39m
            [36m>[39m
              [0m­ƒÆ¼ Conversation[0m
            [36m</h2>[39m
            [36m<div[39m
              [33mclass[39m=[32m"flex 
flex-col h-[500px] border border-slate-200 
rounded-xl bg-white overflow-hidden 
shadow-xl"[39m
            [36m>[39m
              [36m<div[39m
                
[33mclass[39m=[32m"bg-slate-900 px-5 py-3 
flex justify-between items-center 
flex-shrink-0"[39m
              [36m>[39m
                [36m<div[39m
                  [33mclass[39m=[32m"flex 
items-center gap-3"[39m
                [36m>[39m
                  [36m<div[39m
                    
[33mclass[39m=[32m"h-2.5 w-2.5 
rounded-full bg-yellow-400 animate-pulse"[39m
                  [36m/>[39m
                  [36m<span[39m
                    
[33mclass[39m=[32m"text-sm font-bold 
tracking-tight text-white"[39m
                  [36m>[39m
                    [0mƒñû AI DERMATOLOGY 
ASSISTANT[0m
                  [36m</span>[39m
                [36m</div>[39m
                [36m<div[39m
                  [33mclass[39m=[32m"flex 
items-center gap-2"[39m
                [36m>[39m
                  [36m<span[39m
                    
[33mclass[39m=[32m"text-[10px] font-black 
bg-yellow-500 text-white px-2 py-0.5 rounded 
uppercase tracking-widest"[39m
                  [36m>[39m
                    [0mCONNECTING...[0m
                  [36m</span>[39m
                [36m</div>[39m
              [36m</div>[39m
              [36m<div[39m
                [33mclass[39m=[32m"flex-1 
overflow-y-auto p-6 space-y-4 
bg-slate-50/50"[39m
              [36m>[39m
                [36m<div[39m
                  
[33mclass[39m=[32m"h-full flex flex-col 
items-center justify-center text-slate-400 
space-y-2 opacity-50"[39m
                [36m>[39m
                  [36m<p>[39m
                    [0mConnecting to 
chat...[0m
                  [36m</p>[39m
                [36m</div>[39m
                [36m<div[39m
                  [33mclass[39m=[32m"flex 
justify-center my-4"[39m
                [36m>[39m
                  [36m<div[39m
                    
[33mclass[39m=[32m"bg-gradient-to-br 
from-amber-50 to-orange-50 border 
border-amber-200 rounded-2xl px-6 py-5 
max-w-[95%] shadow-lg w-full"[39m
                  [36m>[39m
                    [36m<div[39m
                      
[33mclass[39m=[32m"flex items-center gap-2 
justify-center mb-3"[39m
                    [36m>[39m
                      [36m<span[39m
                        
[33mclass[39m=[32m"text-2xl"[39m
                      [36m>[39m
                        [0mÔ¡É[0m
                      [36m</span>[39m
                      [36m<h3[39m
                        
[33mclass[39m=[32m"text-lg font-bold 
text-amber-800"[39m
                      [36m>[39m
                        [0mRate Your 
Experience[0m
                      [36m</h3>[39m
                    [36m</div>[39m
                    [36m<p[39m
                      
[33mclass[39m=[32m"text-sm text-amber-700 
text-center mb-4"[39m
                    [36m>[39m
                      [0mHow was your 
consultation with [0m
                      [0myour physician[0m
                      [0m?[0m
                    [36m</p>[39m
                    [36m<div[39m
                      
[33mclass[39m=[32m"space-y-3 
text-center"[39m
                    [36m>[39m
                      [36m<div[39m
                        
[33mclass[39m=[32m"flex items-center 
justify-center gap-1 text-amber-500 
text-2xl"[39m
                      [36m>[39m
                        [36m<span>[39m
                          [0mÔÿà[0m
                        [36m</span>[39m
                        [36m<span>[39m
                          [0mÔÿà[0m
                        [36m</span>[39m
                        [36m<span>[39m
                          [0mÔÿà[0m
                        [36m</span>[39m
                        [36m<span>[39m
                          [0mÔÿà[0m
                        [36m</span>[39m
                        [36m<span>[39m
                          [0mÔÿå[0m
                        [36m</span>[39m
                      [36m</div>[39m
                      [36m<p[39m
                        
[33mclass[39m=[32m"text-sm text-amber-800 
italic"[39m
                        [33mdata-testid[39m=
[32m"feedback-display"[39m
                      [36m>[39m
                        [0m"[0m
                        [0mHelpful 
review.[0m
                        [0m"[0m
                      [36m</p>[39m
                      [36m<div[39m
                        
[33mclass[39m=[32m"flex items-center 
justify-center gap-2"[39m
                      [36m>[39m
                        [36m<span[39m
                          
[33mclass[39m=[32m"text-xs font-semibold 
text-green-700 bg-green-100 border 
border-green-200 px-3 py-1 rounded-full"[39m
                        [36m>[39m
                          [0mÔ£ô 
Submitted[0m
                        [36m</span>[39m
                      [36m</div>[39m
                      [36m<p[39m
                        
[33mclass[39m=[32m"text-sm text-green-600 
font-medium"[39m
                      [36m>[39m
                        [0mThanks for your 
feedback! Your rating has been saved.[0m
                      [36m</p>[39m
                    [36m</div>[39m
                  [36m</div>[39m
                [36m</div>[39m
                [36m<div />[39m
              [36m</div>[39m
              [36m<div[39m
                [33mclass[39m=[32m"p-4 
bg-white border-t border-slate-100 
flex-shrink-0"[39m
              [36m>[39m
                [36m<form[39m
                  
[33mclass[39m=[32m"relative"[39m
                [36m>[39m
                  [36m<input[39m
                    
[33mclass[39m=[32m"w-full bg-slate-100 
rounded-2xl border-none pl-5 pr-14 py-4 
text-sm focus:ring-2 focus:ring-slate-900 
transition-all placeholder:text-slate-400 
font-medium disabled:opacity-50"[39m
                    
[33mdisabled[39m=[32m""[39m
                    [33mplaceholder[39m=[32
m"Connecting..."[39m
                    
[33mtype[39m=[32m"text"[39m
                    
[33mvalue[39m=[32m""[39m
                  [36m/>[39m
                  [36m<button[39m
                    
[33maria-label[39m=[32m"Send message"[39m
                    
[33mclass[39m=[32m"absolute right-2 top-2 
h-10 w-10 bg-slate-900 text-white rounded-xl 
hover:bg-slate-800 disabled:opacity-20 
transition-all flex items-center 
justify-center shadow-lg"[39m
                    
[33mdisabled[39m=[32m""[39m
                    
[33mtype[39m=[32m"submit"[39m
                  [36m>[39m
                    [36m<svg[39m
                      
[33mfill[39m=[32m"none"[39m
                      
[33mheight[39m=[32m"20"[39m
                      
[33mstroke[39m=[32m"currentColor"[39m
                      
[33mstroke-linecap[39m=[32m"round"[39m

[2m Test Files [22m [1m[31m1 failed[39m[22m[90m (1)[39m
[2m      Tests [22m [1m[31m1 failed[39m[22m[2m | [22m[1m[32m1 passed[39m[22m[90m (2)[39m
[2m   Start at [22m 10:35:37
[2m   Duration [22m 2.38s[2m (transform 224ms, setup 105ms, import 414ms, tests 1.17s, environment 547ms)[22m

                      
[33mstroke-linejoin[39m=[32m"round"[39m
                      
[33mstroke-width[39m=[32m"2.5"[39m
                      
[33mviewBox[39m=[32m"0 0 24 24"[39m
                      
[33mwidth[39m=[32m"20"[39m
                    [36m>[39m
                      [36m<line[39m
                        
[33mx1[39m=[32m"22"[39m
                        
[33mx2[39m=[32m"11"[39m
                        
[33my1[39m=[32m"2"[39m
                        
[33my2[39m=[32m"13"[39m
                      [36m/>[39m
                      [36m<polygon[39m
                        
[33mpoints[39m=[32m"22 2 15 22 11 13 2 9 
22 2"[39m
                      [36m/>[39m
                    [36m</svg>[39m
                  [36m</button>[39m
                [36m</form>[39m
                [36m<div[39m
                  [33mclass[39m=[32m"flex 
items-center justify-center gap-2 mt-2"[39m
                [36m>[39m
                  [36m<span[39m
                    [33mclass[39m=[32m"w-2 
h-2 bg-green-500 rounded-full 
animate-pulse"[39m
                  [36m/>[39m
                  [36m<p[39m
                    
[33mclass[39m=[32m"text-[10px] 
text-green-600 font-bold uppercase 
tracking-tighter"[39m
                  [36m>[39m
                    [0mAI assistant is ready 
to help[0m
                  [36m</p>[39m
                [36m</div>[39m
              [36m</div>[39m
            [36m</div>[39m
          [36m</div>[39m
        [36m</div>[39m
      [36m</main>[39m
    [36m</div>[39m
  [36m</div>[39m
[36m</body>[39m
[90m [2mÔØ»[22m waitForWrapper node_modules
/@testing-library/dom/dist/wait-for.js:[2m163
:27[22m[39m
[90m [2mÔØ»[22m node_modules/@testing-libra
ry/dom/dist/query-helpers.js:[2m86:33[22m[3
9m
[36m [2mÔØ»[22m src/__tests__/PatientCaseRa
ting.test.jsx:[2m93:25[22m[39m
    [90m 91| [39m    })[33m;[39m
    [90m 92| [39m
    [90m 93| [39m    
[34mexpect[39m([35mawait[39m screen[33m.
[39m[34mfindByText[39m([32m'Submitted'[39m
))[33m.[39m[34mtoBeInTheDocument[39m()[33
m;[39m
    [90m   | [39m                        
[31m^[39m
    [90m 94| [39m  })[33m;[39m
    [90m 95| [39m})[33m;[39m

[31m[2mÔÄ»ÔÄ»ÔÄ»ÔÄ»ÔÄ»ÔÄ»ÔÄ»ÔÄ»ÔÄ»ÔÄ»ÔÄ»ÔÄ»Ô
Ä»ÔÄ»ÔÄ»ÔÄ»ÔÄ»ÔÄ»ÔÄ»ÔÄ»ÔÄ»ÔÄ»ÔÄ»ÔÄ»[1/1]ÔÄ»[2
2m[39m

