
> frontend@0.0.0 test
> vitest run frontend/src/__tests__/App.test.jsx


[1m[46m RUN [49m[22m [36mv4.0.14 [39m[90mC:/AI-Prototyping-Lab---Healthcare-Stream---Derma/frontend[39m

node.exe : [31mNo test files found, 
exiting with code 1
At C:\Program Files\nodejs\npm.ps1:29 
char:3
+   & $NODE_EXE $NPM_CLI_JS $args
+   ~~~~~~~~~~~~~~~~~~~~~~~~~~~~~
    + CategoryInfo          : NotSpec 
   ified: ([31mNo test fi...ing wit  
  h code 1:String) [], RemoteExcept   
 ion
    + FullyQualifiedErrorId : NativeC 
   ommandError
 
[39m
[2mfilter: [22m[33mfrontend/src/__t
ests__/App.test.jsx[39m
[2minclude: [22m[33m**/*.{test,spec
}.?(c|m)[jt]s?(x)[39m
[2mexclude:  
[22m[33m**/node_modules/**[2m, 
[22m**/e2e/**[39m

